Script started on 2026-09-30 21:17:21+07:00 [TERM="xterm-256color" TTY="/dev/pts/2" COLUMNS="145" LINES="25"]
Executing action: monitor
Running idf_monitor in directory /home/bao/Documents/Edge_IOT/Blockchain-iot/blockchain-iot/firmware
Executing "/home/bao/.espressif/python_env/idf5.4_py3.10_env/bin/python /home/bao/esp/esp-idf/tools/idf_monitor.py -p /dev/ttyUSB0 -b 115200 --toolchain-prefix xtensa-esp32s3-elf- --target esp32s3 --revision 0 /home/bao/Documents/Edge_IOT/Blockchain-iot/blockchain-iot/firmware/build-incident/smart-air.elf -m '/home/bao/.espressif/python_env/idf5.4_py3.10_env/bin/python' '/home/bao/esp/esp-idf/tools/idf.py' '-B' 'build-incident' '-p' '/dev/ttyUSB0'"...
--- esp-idf-monitor 1.10.0 on /dev/ttyUSB0 115200
--- Quit: Ctrl+] | Menu: Ctrl+T | Help: Ctrl+T followed by Ctrl+H
--- ERROR: Connection to /dev/ttyUSB0 failed. Available ports:
/dev/ttyACM0
/dev/ttyS4
/dev/ttyS31
/dev/ttyS30
/dev/ttyS29
/dev/ttyS28
/dev/ttyS27
/dev/ttyS26
/dev/ttyS25
/dev/ttyS24
/dev/ttyS23
/dev/ttyS22
/dev/ttyS21
/dev/ttyS20
/dev/ttyS19
/dev/ttyS18
/dev/ttyS17
/dev/ttyS16
/dev/ttyS15
/dev/ttyS14
/dev/ttyS13
/dev/ttyS12
/dev/ttyS11
/dev/ttyS10
/dev/ttyS9
/dev/ttyS8
/dev/ttyS7
/dev/ttyS6
/dev/ttyS5
/dev/ttyS3
/dev/ttyS2
/dev/ttyS1
/dev/ttyS0

[Errno 2] could not open port /dev/ttyUSB0: [Errno 2] No such file or directory: '/dev/ttyUSB0'

Script done on 2026-09-30 21:17:22+07:00 [COMMAND_EXIT_CODE="0"]
